/project/luo/ychen270/ece6360/raytracing/parallel ray tracing/vec3.h(65): warning #20014-D: calling a __host__ function from a __host__ __device__ function is not allowed
      return out << v.e[0] << ' ' << v.e[1] << ' ' << v.e[2];
                              ^

Remark: The warnings can be suppressed with "-diag-suppress <warning-number>"

/project/luo/ychen270/ece6360/raytracing/parallel ray tracing/vec3.h(65): warning #20014-D: calling a __host__ function from a __host__ __device__ function is not allowed
      return out << v.e[0] << ' ' << v.e[1] << ' ' << v.e[2];
                                               ^

/project/luo/ychen270/ece6360/raytracing/parallel ray tracing/vec3.h(65): warning #20014-D: calling a __host__ function from a __host__ __device__ function is not allowed
      return out << v.e[0] << ' ' << v.e[1] << ' ' << v.e[2];
                              ^

Remark: The warnings can be suppressed with "-diag-suppress <warning-number>"

/project/luo/ychen270/ece6360/raytracing/parallel ray tracing/vec3.h(65): warning #20014-D: calling a __host__ function from a __host__ __device__ function is not allowed
      return out << v.e[0] << ' ' << v.e[1] << ' ' << v.e[2];
                                               ^

/project/luo/ychen270/ece6360/raytracing/parallel ray tracing/vec3.h(65): warning #20014-D: calling a __host__ function from a __host__ __device__ function is not allowed
      return out << v.e[0] << ' ' << v.e[1] << ' ' << v.e[2];
                              ^

Remark: The warnings can be suppressed with "-diag-suppress <warning-number>"

/project/luo/ychen270/ece6360/raytracing/parallel ray tracing/vec3.h(65): warning #20014-D: calling a __host__ function from a __host__ __device__ function is not allowed
      return out << v.e[0] << ' ' << v.e[1] << ' ' << v.e[2];
                                               ^

/project/luo/ychen270/ece6360/raytracing/parallel ray tracing/vec3.h(65): warning #20014-D: calling a __host__ function from a __host__ __device__ function is not allowed
      return out << v.e[0] << ' ' << v.e[1] << ' ' << v.e[2];
                              ^

Remark: The warnings can be suppressed with "-diag-suppress <warning-number>"

/project/luo/ychen270/ece6360/raytracing/parallel ray tracing/vec3.h(65): warning #20014-D: calling a __host__ function from a __host__ __device__ function is not allowed
      return out << v.e[0] << ' ' << v.e[1] << ' ' << v.e[2];
                                               ^

/project/luo/ychen270/ece6360/raytracing/parallel ray tracing/vec3.h(65): warning #20014-D: calling a __host__ function from a __host__ __device__ function is not allowed
      return out << v.e[0] << ' ' << v.e[1] << ' ' << v.e[2];
                              ^

Remark: The warnings can be suppressed with "-diag-suppress <warning-number>"

/project/luo/ychen270/ece6360/raytracing/parallel ray tracing/vec3.h(65): warning #20014-D: calling a __host__ function from a __host__ __device__ function is not allowed
      return out << v.e[0] << ' ' << v.e[1] << ' ' << v.e[2];
                                               ^

/project/luo/ychen270/ece6360/raytracing/parallel ray tracing/vec3.h(65): warning #20014-D: calling a __host__ function from a __host__ __device__ function is not allowed
      return out << v.e[0] << ' ' << v.e[1] << ' ' << v.e[2];
                              ^

Remark: The warnings can be suppressed with "-diag-suppress <warning-number>"

/project/luo/ychen270/ece6360/raytracing/parallel ray tracing/vec3.h(65): warning #20014-D: calling a __host__ function from a __host__ __device__ function is not allowed
      return out << v.e[0] << ' ' << v.e[1] << ' ' << v.e[2];
                                               ^

Rendering... Done.
